---
source: crates/ci-tests/tests/use_case_tester.rs
expression: output_toml
---
[package]
name = "nftmaker"
edition = "2024.beta"

[dependencies]
Sui = { git = "https://github.com/MystenLabs/sui.git", subdir = "crates/sui-framework/packages/sui-framework", rev = "framework/mainnet" }
mvr_a = { r.mvr = "@pkg/qwer" }

[addresses]
nftmaker = "0x0"

[r.mvr]
network = "testnet"
